python : 2025-12-31 19:18:12.743607: I tensorflow/core/util/port.cc:153] oneDNN custom operations 
are on. You may see slightly different numerical results due to floating-point round-off errors 
from different computation orders. To turn them off, set the environment variable 
`TF_ENABLE_ONEDNN_OPTS=0`.
At line:1 char:1
+ python -c "from gpbacay_arcane import HierarchicalResonanceFoundation ...
+ ~~~~~~~~~~~~~~~~~~~~~~~~~~~~~~~~~~~~~~~~~~~~~~~~~~~~~~~~~~~~~~~~~~~~~
    + CategoryInfo          : NotSpecified: (2025-12-31 19:1...ONEDNN_OPTS=0`.:String) [], Remote 
   Exception
    + FullyQualifiedErrorId : NativeCommandError
 
2025-12-31 19:18:20.456785: I tensorflow/core/util/port.cc:153] oneDNN custom operations are on. 
You may see slightly different numerical results due to floating-point round-off errors from 
different computation orders. To turn them off, set the environment variable 
`TF_ENABLE_ONEDNN_OPTS=0`.
2025-12-31 19:18:36.327105: I tensorflow/core/platform/cpu_feature_guard.cc:210] This TensorFlow 
binary is optimized to use available CPU instructions in performance-critical operations.
To enable the following instructions: AVX2 AVX_VNNI FMA, in other operations, rebuild TensorFlow 
with the appropriate compiler flags.
WARNING:tensorflow:From C:\Users\Gianne 
Bacay\AppData\Roaming\Python\Python311\site-packages\keras\src\backend\tensorflow\core.py:232: 
The name tf.placeholder is deprecated. Please use tf.compat.v1.placeholder instead.

Warning: Ollama not installed. Install with: pip install ollama
Warning: sentence-transformers not installed. Install with: pip install sentence-transformers
Both models imported and built successfully
